I'm sorry, but errors were detected in your script. Please correct the
errors listed below, and try again.


File "game/screens.rpy", line 626: 'spacing' is not a keyword argument or valid child of the for statement.
    spacing 10
           ^

Ren'Py Version: Ren'Py 8.1.0.23051307
Sun Jul  2 03:17:22 2023
